// Jest Snapshot v1, https://goo.gl/fbAQLP

exports[`FlatGrid renders FlatGrid items with itemDimension 100 and spacing 10 1`] = `
<View
  style={
    Object {
      "flex": 1,
    }
  }
>
  <RCTScrollView
    applyWindowCorrection={[Function]}
    canChangeSize={true}
    contentContainerStyle={
      Object {
        "backgroundColor": undefined,
        "minHeight": 1,
        "minWidth": 1,
      }
    }
    contentHeight={0}
    contentWidth={0}
    data={
      Array [
        Array [
          Object {
            "text": "1",
          },
          Object {
            "text": "2",
          },
          Object {
            "text": "3",
          },
          Object {
            "text": "4",
          },
        ],
      ]
    }
    dataProvider={
      DataProvider {
        "_data": Array [
          Array [
            Object {
              "text": "1",
            },
            Object {
              "text": "2",
            },
            Object {
              "text": "3",
            },
            Object {
              "text": "4",
            },
          ],
        ],
        "_firstIndexToProcess": 0,
        "_hasStableIds": true,
        "_requiresDataChangeHandling": false,
        "_size": 1,
        "getStableId": [Function],
        "rowHasChanged": [Function],
      }
    }
    disableRecycling={false}
    extendedState={
      Object {
        "value": 750,
      }
    }
    externalScrollView={[Function]}
    extraData={750}
    finalRenderAheadOffset={250}
    forceNonDeterministicRendering={true}
    horizontal={false}
    initialOffset={0}
    initialRenderIndex={0}
    isHorizontal={false}
    keyExtractor={[Function]}
    layoutProvider={
      GridLayoutProviderWithProps {
        "_acceptableRelayoutDelta": 1,
        "_getHeightOrWidth": [Function],
        "_getLayoutTypeForIndex": [Function],
        "_getSpan": [Function],
        "_maxSpan": 1,
        "_setLayoutForType": [Function],
        "_tempDim": Object {
          "height": 0,
          "width": 0,
        },
        "averageWindow": AverageWindow {
          "currentAverage": 100,
          "currentCount": 1,
          "inputValues": Array [
            100,
          ],
          "nextIndex": 1,
        },
        "defaultEstimatedItemSize": 100,
        "layoutObject": Object {
          "size": undefined,
          "span": undefined,
        },
        "props": Object {
          "ListFooterComponentStyle": undefined,
          "ListHeaderComponentStyle": undefined,
          "contentContainerStyle": undefined,
          "data": Array [
            Array [
              Object {
                "text": "1",
              },
              Object {
                "text": "2",
              },
              Object {
                "text": "3",
              },
              Object {
                "text": "4",
              },
            ],
          ],
          "extraData": 750,
          "horizontal": false,
          "keyExtractor": [Function],
          "listKey": undefined,
          "numColumns": 1,
          "onLayout": [Function],
          "renderItem": [Function],
          "style": Object {
            "paddingTop": 10,
          },
        },
        "shouldRefreshWithAnchoring": true,
      }
    }
    maxRenderAhead={750}
    numColumns={1}
    onEndReached={[Function]}
    onEndReachedThreshold={0}
    onEndReachedThresholdRelative={0}
    onItemLayout={[Function]}
    onLayout={[Function]}
    onScroll={[Function]}
    onScrollBeginDrag={[Function]}
    onSizeChanged={[Function]}
    onVisibleIndicesChanged={[Function]}
    removeClippedSubviews={false}
    renderAheadOffset={0}
    renderAheadStep={250}
    renderContentContainer={[Function]}
    renderItem={[Function]}
    renderItemContainer={[Function]}
    rowRenderer={[Function]}
    scrollEventThrottle={16}
    scrollThrottle={16}
    scrollViewProps={
      Object {
        "contentContainerStyle": Object {
          "backgroundColor": undefined,
          "minHeight": 1,
          "minWidth": 1,
        },
        "onLayout": [Function],
        "onScrollBeginDrag": [Function],
        "refreshControl": undefined,
        "style": Object {
          "minHeight": 1,
          "minWidth": 1,
        },
      }
    }
    style={
      Object {
        "minHeight": 1,
        "minWidth": 1,
      }
    }
    suppressBoundedSizeException={true}
    windowCorrectionConfig={
      Object {
        "applyToInitialOffset": true,
        "applyToItemScroll": true,
        "value": Object {
          "endCorrection": 0,
          "startCorrection": 0,
          "windowShift": -0,
        },
      }
    }
  >
    <View>
      <View
        style={
          Object {
            "flexDirection": "column",
          }
        }
      >
        <AutoLayoutView
          enableInstrumentation={false}
          horizontal={false}
          onBlankAreaEvent={[Function]}
          onLayout={[Function]}
          renderAheadOffset={0}
          scrollOffset={0}
          style={
            Object {
              "height": 0,
              "width": 0,
            }
          }
          windowSize={0}
        />
      </View>
    </View>
  </RCTScrollView>
</View>
`;
