// Jest Snapshot v1, https://goo.gl/fbAQLP

exports[`should render VerticalDivider 1`] = `
<View
  style={Object {}}
>
  <Text
    style={Object {}}
  >
    Above
  </Text>
  <View
    style={
      Object {
        "background": "rgba(231, 224, 236, 1)",
        "height": 0.5,
        "marginVertical": 10,
      }
    }
  />
  <Text
    style={Object {}}
  >
    Below
  </Text>
</View>
`;

exports[`should render VerticalDivider with spacing of 10 pixels 1`] = `
<View
  style={Object {}}
>
  <Text
    style={Object {}}
  >
    Above
  </Text>
  <View
    style={
      Object {
        "background": "rgba(231, 224, 236, 1)",
        "height": 0.5,
        "marginVertical": 10,
      }
    }
  />
  <Text
    style={Object {}}
  >
    Below
  </Text>
</View>
`;
