// Jest Snapshot v1, https://goo.gl/fbAQLP

exports[`should render correctly with the default mask 1`] = `
<View
  style={Object {}}
>
  <View
    style={
      Object {
        "animationScale": 1,
        "backgroundColor": "rgba(231, 224, 236, 1)",
        "borderTopLeftRadius": 4,
        "borderTopRightRadius": 4,
        "flexDirection": "row",
        "paddingHorizontal": 16,
      }
    }
  >
    <View
      collapsable={false}
      style={
        Object {
          "backgroundColor": "rgba(73, 69, 79, 1)",
          "bottom": 0,
          "height": 1,
          "left": 0,
          "position": "absolute",
          "right": 0,
          "zIndex": 1,
        }
      }
      testID="text-input-underline"
    />
    <View
      style={
        Object {
          "flexGrow": 1,
          "minHeight": 56,
          "paddingBottom": 0,
          "paddingTop": 0,
        }
      }
    >
      <TextInput
        editable={true}
        keyboardType="numeric"
        maxFontSizeMultiplier={15}
        multiline={false}
        onBlur={[Function]}
        onChangeText={[Function]}
        onFocus={[Function]}
        placeholderTextColor="rgba(73, 69, 79, 1)"
        size="md"
        style={
          Array [
            Object {
              "color": "rgba(28, 27, 31, 1)",
              "flexGrow": 1,
              "fontSize": 16,
              "fontWeight": "400",
              "lineHeight": 24,
              "paddingBottom": 8,
              "paddingTop": 24,
            },
            Object {
              "height": 56,
            },
            false,
            Object {
              "textAlign": "left",
              "textAlignVertical": "center",
            },
            false,
            undefined,
          ]
        }
        testID="text-input-flat"
        underlineColorAndroid="transparent"
        value=""
      />
    </View>
  </View>
</View>
`;
