// Jest Snapshot v1, https://goo.gl/fbAQLP

exports[`NumberRangeInput should render correctly with default props 1`] = `
<View
  style={
    Object {
      "divider": Object {},
    }
  }
>
  <View
    style={
      Object {
        "flexDirection": "row",
      }
    }
  >
    <View
      style={
        Object {
          "flex": 1,
        }
      }
    >
      <View
        style={
          Object {
            "animationScale": 1,
            "backgroundColor": "rgba(231, 224, 236, 1)",
            "borderBottomRightRadius": 0,
            "borderTopLeftRadius": 4,
            "borderTopRightRadius": 0,
            "flexDirection": "row",
            "paddingHorizontal": 16,
          }
        }
      >
        <View
          collapsable={false}
          style={
            Object {
              "backgroundColor": "rgba(73, 69, 79, 1)",
              "bottom": 0,
              "height": 1,
              "left": 0,
              "position": "absolute",
              "right": 0,
              "zIndex": 1,
            }
          }
          testID="text-input-underline"
        />
        <View
          style={
            Object {
              "flexGrow": 1,
              "minHeight": 56,
              "paddingBottom": 0,
              "paddingTop": 0,
            }
          }
        >
          <View
            collapsable={false}
            onLayout={[Function]}
            pointerEvents="none"
            style={
              Object {
                "bottom": 0,
                "justifyContent": "center",
                "left": 0,
                "opacity": 1,
                "position": "absolute",
                "right": 0,
                "top": 0,
                "transform": Array [
                  Object {
                    "translateX": 0,
                  },
                ],
                "zIndex": 3,
              }
            }
          >
            <Text
              collapsable={false}
              maxFontSizeMultiplier={15}
              numberOfLines={1}
              onLayout={[Function]}
              style={
                Object {
                  "color": "rgba(73, 69, 79, 1)",
                  "fontSize": 16,
                  "fontWeight": "400",
                  "left": 0,
                  "lineHeight": 24,
                  "opacity": 0,
                  "position": "absolute",
                  "transform": Array [
                    Object {
                      "translateX": 0,
                    },
                    Object {
                      "translateY": 0,
                    },
                    Object {
                      "scale": 1,
                    },
                  ],
                }
              }
              testID="text-input-label-active"
            >
              min
            </Text>
            <Text
              collapsable={false}
              maxFontSizeMultiplier={15}
              numberOfLines={1}
              style={
                Object {
                  "color": "rgba(73, 69, 79, 1)",
                  "fontSize": 16,
                  "fontWeight": "400",
                  "left": 0,
                  "lineHeight": 24,
                  "opacity": 1,
                  "position": "absolute",
                  "transform": Array [
                    Object {
                      "translateX": 0,
                    },
                    Object {
                      "translateY": 0,
                    },
                    Object {
                      "scale": 1,
                    },
                  ],
                }
              }
              testID="text-input-label-inactive"
            >
              min
            </Text>
          </View>
          <TextInput
            editable={true}
            keyboardType="numeric"
            maxFontSizeMultiplier={15}
            multiline={false}
            onBlur={[Function]}
            onChangeText={[Function]}
            onFocus={[Function]}
            placeholder=""
            placeholderTextColor="rgba(73, 69, 79, 1)"
            size="md"
            style={
              Array [
                Object {
                  "color": "rgba(28, 27, 31, 1)",
                  "flexGrow": 1,
                  "fontSize": 16,
                  "fontWeight": "400",
                  "lineHeight": 24,
                  "paddingBottom": 8,
                  "paddingTop": 24,
                },
                Object {
                  "height": 56,
                },
                false,
                Object {
                  "textAlign": "left",
                  "textAlignVertical": "center",
                },
                false,
                undefined,
              ]
            }
            testID="text-input-flat"
            underlineColorAndroid="transparent"
            value=""
          />
        </View>
      </View>
    </View>
    <View
      style={
        Object {
          "flex": 1,
        }
      }
    >
      <View
        style={
          Object {
            "animationScale": 1,
            "backgroundColor": "rgba(231, 224, 236, 1)",
            "borderBottomLeftRadius": 0,
            "borderTopLeftRadius": 0,
            "borderTopRightRadius": 4,
            "flexDirection": "row",
            "paddingHorizontal": 16,
          }
        }
      >
        <View
          collapsable={false}
          style={
            Object {
              "backgroundColor": "rgba(73, 69, 79, 1)",
              "bottom": 0,
              "height": 1,
              "left": 0,
              "position": "absolute",
              "right": 0,
              "zIndex": 1,
            }
          }
          testID="text-input-underline"
        />
        <View
          style={
            Object {
              "flexGrow": 1,
              "minHeight": 56,
              "paddingBottom": 0,
              "paddingTop": 0,
            }
          }
        >
          <View
            collapsable={false}
            onLayout={[Function]}
            pointerEvents="none"
            style={
              Object {
                "bottom": 0,
                "justifyContent": "center",
                "left": 0,
                "opacity": 1,
                "position": "absolute",
                "right": 0,
                "top": 0,
                "transform": Array [
                  Object {
                    "translateX": 0,
                  },
                ],
                "zIndex": 3,
              }
            }
          >
            <Text
              collapsable={false}
              maxFontSizeMultiplier={15}
              numberOfLines={1}
              onLayout={[Function]}
              style={
                Object {
                  "color": "rgba(73, 69, 79, 1)",
                  "fontSize": 16,
                  "fontWeight": "400",
                  "left": 0,
                  "lineHeight": 24,
                  "opacity": 0,
                  "position": "absolute",
                  "transform": Array [
                    Object {
                      "translateX": 0,
                    },
                    Object {
                      "translateY": 0,
                    },
                    Object {
                      "scale": 1,
                    },
                  ],
                }
              }
              testID="text-input-label-active"
            >
              max
            </Text>
            <Text
              collapsable={false}
              maxFontSizeMultiplier={15}
              numberOfLines={1}
              style={
                Object {
                  "color": "rgba(73, 69, 79, 1)",
                  "fontSize": 16,
                  "fontWeight": "400",
                  "left": 0,
                  "lineHeight": 24,
                  "opacity": 1,
                  "position": "absolute",
                  "transform": Array [
                    Object {
                      "translateX": 0,
                    },
                    Object {
                      "translateY": 0,
                    },
                    Object {
                      "scale": 1,
                    },
                  ],
                }
              }
              testID="text-input-label-inactive"
            >
              max
            </Text>
          </View>
          <TextInput
            editable={true}
            keyboardType="numeric"
            maxFontSizeMultiplier={15}
            multiline={false}
            onBlur={[Function]}
            onChangeText={[Function]}
            onFocus={[Function]}
            placeholder=""
            placeholderTextColor="rgba(73, 69, 79, 1)"
            size="md"
            style={
              Array [
                Object {
                  "color": "rgba(28, 27, 31, 1)",
                  "flexGrow": 1,
                  "fontSize": 16,
                  "fontWeight": "400",
                  "lineHeight": 24,
                  "paddingBottom": 8,
                  "paddingTop": 24,
                },
                Object {
                  "height": 56,
                },
                false,
                Object {
                  "textAlign": "left",
                  "textAlignVertical": "center",
                },
                false,
                undefined,
              ]
            }
            testID="text-input-flat"
            underlineColorAndroid="transparent"
            value=""
          />
        </View>
      </View>
    </View>
  </View>
</View>
`;
