// Jest Snapshot v1, https://goo.gl/fbAQLP

exports[`SectionGrid renders SectionGrid with Section header, 3 max items per row and spacing of 10 1`] = `
<RCTScrollView
  data={
    Array [
      Object {
        "data": Array [
          Array [
            Object {
              "text": "1",
            },
            Object {
              "text": "2",
            },
            Object {
              "text": "3",
            },
          ],
          Array [
            Object {
              "text": "4",
            },
          ],
        ],
        "originalData": Array [
          Object {
            "text": "1",
          },
          Object {
            "text": "2",
          },
          Object {
            "text": "3",
          },
          Object {
            "text": "4",
          },
        ],
        "renderItem": [Function],
        "title": "Numbers",
      },
      Object {
        "data": Array [
          Array [
            Object {
              "text": "A",
            },
            Object {
              "text": "B",
            },
            Object {
              "text": "C",
            },
          ],
          Array [
            Object {
              "text": "D",
            },
          ],
        ],
        "originalData": Array [
          Object {
            "text": "A",
          },
          Object {
            "text": "B",
          },
          Object {
            "text": "C",
          },
          Object {
            "text": "D",
          },
        ],
        "renderItem": [Function],
        "title": "Letters",
      },
    ]
  }
  extraData={750}
  getItem={[Function]}
  getItemCount={[Function]}
  keyExtractor={[Function]}
  onContentSizeChange={[Function]}
  onLayout={[Function]}
  onMomentumScrollBegin={[Function]}
  onMomentumScrollEnd={[Function]}
  onScroll={[Function]}
  onScrollBeginDrag={[Function]}
  onScrollEndDrag={[Function]}
  renderItem={[Function]}
  scrollEventThrottle={50}
  stickyHeaderIndices={
    Array [
      0,
      4,
    ]
  }
  style={
    Object {
      "additionalRowStyle": undefined,
      "itemContainerStyle": undefined,
    }
  }
>
  <View>
    <View
      onLayout={[Function]}
      style={null}
    >
      <Text>
        Numbers
      </Text>
    </View>
    <View
      onLayout={[Function]}
      style={null}
    >
      <View
        style={
          Array [
            Object {
              "flexDirection": "row",
              "paddingBottom": 10,
              "paddingLeft": 10,
            },
            Object {
              "marginTop": 10,
            },
            undefined,
          ]
        }
      >
        <View
          style={
            Array [
              Object {
                "flexDirection": "column",
                "justifyContent": "center",
                "marginRight": 10,
                "width": 236.66666666666666,
              },
              undefined,
            ]
          }
        >
          <Text>
            1
          </Text>
        </View>
        <View
          style={
            Array [
              Object {
                "flexDirection": "column",
                "justifyContent": "center",
                "marginRight": 10,
                "width": 236.66666666666666,
              },
              undefined,
            ]
          }
        >
          <Text>
            2
          </Text>
        </View>
        <View
          style={
            Array [
              Object {
                "flexDirection": "column",
                "justifyContent": "center",
                "marginRight": 10,
                "width": 236.66666666666666,
              },
              undefined,
            ]
          }
        >
          <Text>
            3
          </Text>
        </View>
      </View>
    </View>
    <View
      onLayout={[Function]}
      style={null}
    >
      <View
        style={
          Array [
            Object {
              "flexDirection": "row",
              "paddingBottom": 10,
              "paddingLeft": 10,
            },
            Object {},
            undefined,
          ]
        }
      >
        <View
          style={
            Array [
              Object {
                "flexDirection": "column",
                "justifyContent": "center",
                "marginRight": 10,
                "width": 236.66666666666666,
              },
              undefined,
            ]
          }
        >
          <Text>
            4
          </Text>
        </View>
      </View>
    </View>
    <View
      onLayout={[Function]}
      style={null}
    />
    <View
      onLayout={[Function]}
      style={null}
    >
      <Text>
        Letters
      </Text>
    </View>
    <View
      onLayout={[Function]}
      style={null}
    >
      <View
        style={
          Array [
            Object {
              "flexDirection": "row",
              "paddingBottom": 10,
              "paddingLeft": 10,
            },
            Object {
              "marginTop": 10,
            },
            undefined,
          ]
        }
      >
        <View
          style={
            Array [
              Object {
                "flexDirection": "column",
                "justifyContent": "center",
                "marginRight": 10,
                "width": 236.66666666666666,
              },
              undefined,
            ]
          }
        >
          <Text>
            A
          </Text>
        </View>
        <View
          style={
            Array [
              Object {
                "flexDirection": "column",
                "justifyContent": "center",
                "marginRight": 10,
                "width": 236.66666666666666,
              },
              undefined,
            ]
          }
        >
          <Text>
            B
          </Text>
        </View>
        <View
          style={
            Array [
              Object {
                "flexDirection": "column",
                "justifyContent": "center",
                "marginRight": 10,
                "width": 236.66666666666666,
              },
              undefined,
            ]
          }
        >
          <Text>
            C
          </Text>
        </View>
      </View>
    </View>
    <View
      onLayout={[Function]}
      style={null}
    >
      <View
        style={
          Array [
            Object {
              "flexDirection": "row",
              "paddingBottom": 10,
              "paddingLeft": 10,
            },
            Object {},
            undefined,
          ]
        }
      >
        <View
          style={
            Array [
              Object {
                "flexDirection": "column",
                "justifyContent": "center",
                "marginRight": 10,
                "width": 236.66666666666666,
              },
              undefined,
            ]
          }
        >
          <Text>
            D
          </Text>
        </View>
      </View>
    </View>
    <View
      onLayout={[Function]}
      style={null}
    />
  </View>
</RCTScrollView>
`;
