// Jest Snapshot v1, https://goo.gl/fbAQLP

exports[`should render VerticalDivider 1`] = `
<View
  style={
    Object {
      "flexDirection": "row",
    }
  }
>
  <Text
    style={Object {}}
  >
    Left
  </Text>
  <View
    style={
      Object {
        "background": "rgba(231, 224, 236, 1)",
        "marginHorizontal": 10,
        "width": 1,
      }
    }
  />
  <Text
    style={Object {}}
  >
    Right
  </Text>
</View>
`;

exports[`should render VerticalDivider with spacing of 10 pixels 1`] = `
<View
  style={
    Object {
      "flexDirection": "row",
    }
  }
>
  <Text
    style={Object {}}
  >
    Left
  </Text>
  <View
    style={
      Object {
        "background": "rgba(231, 224, 236, 1)",
        "marginHorizontal": 10,
        "width": 1,
      }
    }
  />
  <Text
    style={Object {}}
  >
    Right
  </Text>
</View>
`;
