// Jest Snapshot v1, https://goo.gl/fbAQLP

exports[`should render ListItem 1`] = `
<View>
  <View
    accessibilityState={
      Object {
        "disabled": true,
      }
    }
    accessible={true}
    focusable={false}
    onClick={[Function]}
    onResponderGrant={[Function]}
    onResponderMove={[Function]}
    onResponderRelease={[Function]}
    onResponderTerminate={[Function]}
    onResponderTerminationRequest={[Function]}
    onStartShouldSetResponder={[Function]}
    style={
      Array [
        false,
        Object {
          "backgroundColor": "rgba(255, 251, 254, 1)",
          "paddingBottom": 8,
          "paddingLeft": 16,
          "paddingRight": 24,
          "paddingTop": 8,
        },
      ]
    }
  >
    <View
      style={
        Object {
          "alignItems": "center",
          "flexDirection": "row",
        }
      }
    >
      <View
        style={
          Object {
            "flex": 1,
            "justifyContent": "center",
          }
        }
      >
        <Text
          selectable={false}
          style={
            Object {
              "color": "rgba(28, 27, 31, 1)",
              "fontSize": 16,
              "fontWeight": "400",
              "lineHeight": 24,
            }
          }
        >
          Headline
        </Text>
      </View>
    </View>
  </View>
</View>
`;
